============================= test session starts =============================
platform win32 -- Python 3.13.7, pytest-8.4.2, pluggy-1.6.0
rootdir: C:\Users\nelso\OneDrive\桌面\大學\AOOP\oop-python-nycu
plugins: anyio-4.11.0
collected 0 items / 1 error

=================================== ERRORS ====================================
__________ ERROR collecting tests/group11/test_lec7_debug_except.py ___________
ImportError while importing test module 'C:\Users\nelso\OneDrive\桌面\大學\AOOP\oop-python-nycu\tests\group11\test_lec7_debug_except.py'.
Hint: make sure your test modules/packages have valid Python names.
Traceback:
C:\Users\nelso\AppData\Local\Programs\Python\Python313\Lib\importlib\__init__.py:88: in import_module
    return _bootstrap._gcd_import(name[level:], package, level)
           ^^^^^^^^^^^^^^^^^^^^^^^^^^^^^^^^^^^^^^^^^^^^^^^^^^^^
tests\group11\test_lec7_debug_except.py:3: in <module>
    from lec7_debug_except import rev_list, primes_list, float, get_ratios, get_stats, avg
E   ModuleNotFoundError: No module named 'lec7_debug_except'
=========================== short test summary info ===========================
ERROR tests/group11/test_lec7_debug_except.py
!!!!!!!!!!!!!!!!!!! Interrupted: 1 error during collection !!!!!!!!!!!!!!!!!!!!
============================== 1 error in 0.14s ===============================
